<?xml version="1.0" encoding="UTF-8"?>
<testsuites name="Mocha Tests" time="10.007" tests="1" failures="1">
  <testsuite name="Root Suite" timestamp="2022-10-30T12:37:41" tests="0" time="0.000" failures="0">
  </testsuite>
  <testsuite name="Incidents" timestamp="2022-10-30T12:37:41" tests="0" file="/Users/friedrichmeredithsam/Web_Dev/node/enyata/tests/incidents.js" time="0.000" failures="0">
  </testsuite>
  <testsuite name="/GET Incidents" timestamp="2022-10-30T12:37:41" tests="1" file="/Users/friedrichmeredithsam/Web_Dev/node/enyata/tests/incidents.js" time="10.004" failures="1">
    <testcase name="Incidents &quot;before each&quot; hook for &quot;it should GET all the Incidents&quot;" time="10.002" classname="&quot;before each&quot; hook for &quot;it should GET all the Incidents&quot;">
      <failure message="Timeout of 10000ms exceeded. For async tests and hooks, ensure &quot;done()&quot; is called; if returning a Promise, ensure it resolves. (/Users/friedrichmeredithsam/Web_Dev/node/enyata/tests/incidents.js)" type="Error"><![CDATA[Error: Timeout of 10000ms exceeded. For async tests and hooks, ensure "done()" is called; if returning a Promise, ensure it resolves. (/Users/friedrichmeredithsam/Web_Dev/node/enyata/tests/incidents.js)
    at listOnTimeout (node:internal/timers:564:17)
    at process.processTimers (node:internal/timers:507:7)]]></failure>
    </testcase>
  </testsuite>
</testsuites>